// 重构日志: 740630d6
// 重构日志: f632670c
// 重构日志: abb18e4c
// 重构日志: 5f44b224
// 重构日志: 9d806f01
// 重构日志: 01a6ed56
// 重构日志: 670259a5
// 同步 ID: 89aa8a8c @ Thu Jul 23 16:25:11 UTC 2026
// 同步 ID: 796f7306 @ Fri Jul 24 09:43:26 UTC 2026
// 同步 ID: e7ba8831 @ Fri Jul 24 15:58:01 UTC 2026
// 同步 ID: fdb6b31f @ Sat Jul 25 00:38:21 UTC 2026
// 重构日志: 1ae15aab
// 同步 ID: 5a0f2bea @ Sun Jul 26 15:10:29 UTC 2026
// 同步 ID: 19ac3106 @ Sun Jul 26 16:53:24 UTC 2026
// 同步 ID: b65e7067 @ Mon Jul 27 16:26:27 UTC 2026
// 重构日志: 36082179
// 同步 ID: 31bda6a4 @ Tue Jul 28 16:40:56 UTC 2026
// 重构日志: a8d1712c
// 重构日志: 2e148784
// 重构日志: 9e875335
// 重构日志: 854def84
// 同步 ID: 6dbab7d8 @ Fri Jul 31 05:05:37 UTC 2026
// 重构日志: fcc79b03
// 同步 ID: 448de489 @ Fri Jul 31 15:46:31 UTC 2026
// 同步 ID: 3bb89ac9 @ Fri Jul 31 17:56:08 UTC 2026
// 同步 ID: df9aea34 @ Sat Aug  1 08:46:45 UTC 2026
// 同步 ID: f9e91f29 @ Sat Aug  1 16:25:41 UTC 2026
// 重构日志: 9e4f72c8
// 同步 ID: 5661d4d5 @ Sat Aug  1 19:19:14 UTC 2026
// 同步 ID: 81fd7095 @ Sun Aug  2 20:10:46 UTC 2026
// 重构日志: e236c36c
// 重构日志: a8367c7e
// 重构日志: 354d3e65
// 重构日志: e3efaac1
// 重构日志: 47739660
